Microchip MPLAB XC8 Compiler V2.50

Linker command line:

-W-3 \
  --edf=C:\Program Files\Microchip\xc8\v2.50\pic\dat\20240725155939_en.msgs \
  -cn -h+dist/default/production\60secCount.X.production.sym \
  --cmf=dist/default/production\60secCount.X.production.cmf -z -Q16F877A \
  -oC:\Users\sanja\AppData\Local\Temp\xcAsel4.\driver_tmp_3.o \
  --defsym=__MPLAB_BUILD=1 --fixupoverflow=error \
  -Mdist/default/production/60secCount.X.production.map \
  --md=C:\Users\sanja\AppData\Local\Temp\xcAsel4.\driver_tmp_0.dat -E1 \
  -ver=XC8 Compiler --acfsm=1493 -ACODE=00h-07FFhx4 -ASTRCODE=00h-01FFFh \
  -ASTRING=00h-0FFhx32 -ACONST=00h-0FFhx32 -AENTRY=00h-0FFhx32 \
  -ACOMMON=070h-07Fh -ABANK0=020h-06Fh -ABANK1=0A0h-0EFh \
  -ABANK2=0110h-016Fh -ABANK3=0190h-01EFh \
  -ARAM=020h-06Fh,0A0h-0EFh,0110h-016Fh,0190h-01EFh \
  -AABS1=020h-07Fh,0A0h-0EFh,0110h-016Fh,0190h-01EFh -ASFR0=00h-01Fh \
  -ASFR1=080h-09Fh -ASFR2=0100h-010Fh -ASFR3=0180h-018Fh \
  -ACONFIG=02007h-02007h -DCONFIG=2 -AIDLOC=02000h-02003h -DIDLOC=2 \
  -AEEDATA=00h-0FFh/02100h -peeprom_data=EEDATA -DEEDATA=2 -DCODE=2 \
  -DSTRCODE=2 -DSTRING=2 -DCONST=2 -DENTRY=2 \
  -preset_vec=00h,intentry,sivt,init,end_init -ppowerup=CODE -pcinit=CODE \
  -pfunctab=ENTRY -k \
  C:\Users\sanja\AppData\Local\Temp\xcAsel4.\driver_tmp_17.o \
  dist/default/production\60secCount.X.production.o 

Object code version is 3.11

Machine type is 16F877A



                Name                               Link     Load   Length Selector   Space Scale
C:\Users\sanja\AppData\Local\Temp\xcAsel4.\driver_tmp_17.o
                end_init                              0        0        3        0       0
                config                             2007     2007        1        0       4
dist/default/production\60secCount.X.production.o
                cinit                               7EC      7EC       14      FD8       0
                config                             2007     2007        1        0       4
                text16                              5A1      5A1       3C      B42       0
                text15                              4AA      4AA       14      954       0
                text14                              542      542       27      A84       0
                text13                              4BE      4BE       14      97C       0
                text12                              4D2      4D2       14      9A4       0
                text11                              5DD      5DD       42      BBA       0
                text10                              569      569       38      AD2       0
                text9                               482      482        1      904       0
                text8                               68E      68E       9A      D1C       0
                text7                               728      728       C4      E50       0
                text6                               51D      51D       25      A3A       0
                text5                               4FA      4FA       23      9F4       0
                text4                               483      483        5      906       0
                text3                               490      490        A      920       0
                text2                               4E6      4E6       14      9CC       0
                text1                               49A      49A       10      934       0
                maintext                            61F      61F       6F      C3E       0
                cstackBANK0                          20       20       30       20       1
                cstackCOMMON                         70       70        E       70       1
                clrtext                             488      488        8      910       0
                bssBANK1                             A0       A0       20       A0       1
                bssBANK0                             50       50        5       20       1
                strings                               3        3       10        6       0

TOTAL           Name                               Link     Load   Length     Space
        CLASS   CODE           
                end_init                              0        0        3         0
                cinit                               7EC      7EC       14         0
                text16                              5A1      5A1       3C         0
                text15                              4AA      4AA       14         0
                text14                              542      542       27         0
                text13                              4BE      4BE       14         0
                text12                              4D2      4D2       14         0
                text11                              5DD      5DD       42         0
                text10                              569      569       38         0
                text9                               482      482        1         0
                text8                               68E      68E       9A         0
                text7                               728      728       C4         0
                text6                               51D      51D       25         0
                text5                               4FA      4FA       23         0
                text4                               483      483        5         0
                text3                               490      490        A         0
                text2                               4E6      4E6       14         0
                text1                               49A      49A       10         0
                maintext                            61F      61F       6F         0
                clrtext                             488      488        8         0

        CLASS   STRCODE        

        CLASS   STRING         
                strings                               3        3       10         0

        CLASS   CONST          

        CLASS   ENTRY          

        CLASS   COMMON         
                cstackCOMMON                         70       70        E         1

        CLASS   BANK0          
                cstackBANK0                          20       20       30         1
                bssBANK0                             50       50        5         1

        CLASS   BANK1          
                bssBANK1                             A0       A0       20         1

        CLASS   BANK2          

        CLASS   BANK3          

        CLASS   RAM            

        CLASS   ABS1           
                abs_s1                               7E       7E        2         1

        CLASS   SFR0           

        CLASS   SFR1           

        CLASS   SFR2           

        CLASS   SFR3           

        CLASS   CONFIG         
                config                             2007     2007        1         4

        CLASS   IDLOC          

        CLASS   EEDATA         

        CLASS   HEAP           

        CLASS   STACK          



SEGMENTS        Name                           Load    Length   Top    Selector   Space  Class     Delta

                reset_vec                      000000  000003  000003         0       0  CODE        2
                strings                        000003  000010  000013         6       0  STRING      2
                cstackBANK0                    000020  000035  000055        20       1  BANK0       1
                cstackCOMMON                   000070  00000E  00007E        70       1  COMMON      1
                bssBANK1                       0000A0  000020  0000C0        A0       1  BANK1       1
                text9                          000482  000001  000483       904       0  CODE        2
                text4                          000483  000005  000488       906       0  CODE        2
                clrtext                        000488  000008  000490       910       0  CODE        2
                text3                          000490  00000A  00049A       920       0  CODE        2
                text1                          00049A  000010  0004AA       934       0  CODE        2
                text15                         0004AA  000014  0004BE       954       0  CODE        2
                text13                         0004BE  000014  0004D2       97C       0  CODE        2
                text12                         0004D2  000014  0004E6       9A4       0  CODE        2
                text2                          0004E6  000014  0004FA       9CC       0  CODE        2
                text5                          0004FA  000023  00051D       9F4       0  CODE        2
                text6                          00051D  000025  000542       A3A       0  CODE        2
                text14                         000542  000027  000569       A84       0  CODE        2
                text10                         000569  000038  0005A1       AD2       0  CODE        2
                text16                         0005A1  00003C  0005DD       B42       0  CODE        2
                text11                         0005DD  000042  00061F       BBA       0  CODE        2
                maintext                       00061F  00006F  00068E       C3E       0  CODE        2
                text8                          00068E  00009A  000728       D1C       0  CODE        2
                text7                          000728  0000C4  0007EC       E50       0  CODE        2
                cinit                          0007EC  000014  000800       FD8       0  CODE        2


UNUSED ADDRESS RANGES

        Name                Unused          Largest block    Delta
        BANK0            0055-006F             1B           1
        BANK1            00C0-00EF             30           1
        BANK2            0110-016F             60           1
        BANK3            0190-01EF             60           1
        CODE             0013-0481            46F           2
                         0800-1FFF            800
        CONST            0013-0481            100           2
                         0800-1FFF            100
        EEDATA           2100-21FF            100           2
        ENTRY            0013-0481            100           2
                         0800-1FFF            100
        IDLOC            2000-2003              4           2
        RAM              0055-006F             1B           1
                         00C0-00EF             30
                         0110-016F             60
                         0190-01EF             60
        SFR0             0000-001F             20           1
        SFR1             0080-009F             20           1
        SFR2             0100-010F             10           1
        SFR3             0180-018F             10           1
        STRCODE          0013-0481            46F           2
                         0800-1FFF           1800
        STRING           0013-0481            100           2
                         0800-1FFF            100

                                  Symbol Table

?___lwdiv                cstackCOMMON 0070
?___lwmod                cstackCOMMON 0070
?_countvalue             cstackCOMMON 0070
?_sprintf                cstackBANK0  0030
?_vfprintf               cstackBANK0  002C
_OPTION_REGbits          (abs)        0081
_PORTB                   (abs)        0006
_RC0                     (abs)        0038
_RC1                     (abs)        0039
_RCSTA                   (abs)        0018
_RD1                     (abs)        0041
_SPBRG                   (abs)        0099
_T1CON                   (abs)        0010
_TMR1H                   (abs)        000F
_TMR1IF                  (abs)        0060
_TMR1L                   (abs)        000E
_TRISB                   (abs)        0086
_TRISC                   (abs)        0087
_TRISCbits               (abs)        0087
_TRISDbits               (abs)        0088
_TXIF                    (abs)        0064
_TXREG                   (abs)        0019
_TXSTA                   (abs)        0098
__H__absolute__          __absolute__ 0000
__Habs1                  abs1         0000
__Hbank0                 bank0        0000
__Hbank1                 bank1        0000
__Hbank2                 bank2        0000
__Hbank3                 bank3        0000
__HbssBANK0              bssBANK0     0000
__HbssBANK1              bssBANK1     0000
__Hcinit                 cinit        0800
__Hclrtext               clrtext      0000
__Hcode                  code         0000
__Hcommon                common       0000
__Hconfig                config       2008
__HcstackBANK0           cstackBANK0  0000
__HcstackCOMMON          cstackCOMMON 0000
__Heeprom_data           eeprom_data  0000
__Hend_init              end_init     0003
__Hfunctab               functab      0000
__Hheap                  heap         0000
__Hinit                  init         0000
__Hintentry              intentry     0000
__Hmaintext              maintext     0000
__Hpowerup               powerup      0000
__Hram                   ram          0000
__Hreset_vec             reset_vec    0000
__Hsfr0                  sfr0         0000
__Hsfr1                  sfr1         0000
__Hsfr2                  sfr2         0000
__Hsfr3                  sfr3         0000
__Hsivt                  sivt         0000
__Hspace_0               (abs)        0800
__Hspace_1               (abs)        00C0
__Hspace_2               (abs)        0000
__Hspace_3               (abs)        0000
__Hspace_4               (abs)        400F
__Hstack                 stack        0000
__Hstrings               strings      0000
__Htext                  text         0000
__L__absolute__          __absolute__ 0000
__Labs1                  abs1         0000
__Lbank0                 bank0        0000
__Lbank1                 bank1        0000
__Lbank2                 bank2        0000
__Lbank3                 bank3        0000
__LbssBANK0              bssBANK0     0000
__LbssBANK1              bssBANK1     0000
__Lcinit                 cinit        07EC
__Lclrtext               clrtext      0000
__Lcode                  code         0000
__Lcommon                common       0000
__Lconfig                config       0000
__LcstackBANK0           cstackBANK0  0000
__LcstackCOMMON          cstackCOMMON 0000
__Leeprom_data           eeprom_data  0000
__Lend_init              end_init     0000
__Lfunctab               functab      0000
__Lheap                  heap         0000
__Linit                  init         0000
__Lintentry              intentry     0000
__Lmaintext              maintext     0000
__Lpowerup               powerup      0000
__Lram                   ram          0000
__Lreset_vec             reset_vec    0000
__Lsfr0                  sfr0         0000
__Lsfr1                  sfr1         0000
__Lsfr2                  sfr2         0000
__Lsfr3                  sfr3         0000
__Lsivt                  sivt         0000
__Lspace_0               (abs)        0000
__Lspace_1               (abs)        0000
__Lspace_2               (abs)        0000
__Lspace_3               (abs)        0000
__Lspace_4               (abs)        0000
__Lstack                 stack        0000
__Lstrings               strings      0000
__Ltext                  text         0000
__S0                     (abs)        0800
__S1                     (abs)        00C0
__S3                     (abs)        0000
___heap_hi               (abs)        0000
___heap_lo               (abs)        0000
___int_sp                stack        0000
___int_stack_hi          stack        0000
___int_stack_lo          stack        0000
___latbits               (abs)        0002
___lwdiv                 text11       05DD
___lwdiv@counter         cstackCOMMON 0076
___lwdiv@dividend        cstackCOMMON 0072
___lwdiv@divisor         cstackCOMMON 0070
___lwdiv@quotient        cstackCOMMON 0074
___lwmod                 text10       0569
___lwmod@counter         cstackCOMMON 0074
___lwmod@dividend        cstackCOMMON 0072
___lwmod@divisor         cstackCOMMON 0070
___sp                    stack        0000
___stack_hi              stack        0000
___stack_lo              stack        0000
___stackhi               (abs)        0000
___stacklo               (abs)        0000
__end_of___lwdiv         text11       061F
__end_of___lwmod         text10       05A1
__end_of__initialization cinit        07FC
__end_of__stringtab      strings      0009
__end_of_cmd             text15       04BE
__end_of_countvalue      text16       05DD
__end_of_dat             text13       04D2
__end_of_fputc           text8        0728
__end_of_lcd_init        text14       0569
__end_of_main            maintext     068E
__end_of_putch           text9        0483
__end_of_show            text12       04E6
__end_of_sprintf         text5        051D
__end_of_timer1_init     text4        0488
__end_of_tx              text3        049A
__end_of_txstr           text2        04FA
__end_of_uart_init       text1        04AA
__end_of_vfpfcnvrt       text7        07EC
__end_of_vfprintf        text6        0542
__initialization         cinit        07EC
__pbssBANK0              bssBANK0     0050
__pbssBANK1              bssBANK1     00A0
__pcstackBANK0           cstackBANK0  0020
__pcstackCOMMON          cstackCOMMON 0070
__pmaintext              maintext     061F
__pstrings               strings      0003
__ptext1                 text1        049A
__ptext10                text10       0569
__ptext11                text11       05DD
__ptext12                text12       04D2
__ptext13                text13       04BE
__ptext14                text14       0542
__ptext15                text15       04AA
__ptext16                text16       05A1
__ptext2                 text2        04E6
__ptext3                 text3        0490
__ptext4                 text4        0483
__ptext5                 text5        04FA
__ptext6                 text6        051D
__ptext7                 text7        0728
__ptext8                 text8        068E
__ptext9                 text9        0482
__stringbase             strings      0008
__stringtab              strings      0003
_cmd                     text15       04AA
_countvalue              text16       05A1
_dat                     text13       04BE
_dbuf                    bssBANK1     00A0
_flags                   bssBANK0     0054
_fputc                   text8        068E
_lcd_init                text14       0542
_main                    maintext     061F
_prec                    bssBANK0     0052
_putch                   text9        0482
_show                    text12       04D2
_sprintf                 text5        04FA
_timer1_init             text4        0483
_tx                      text3        0490
_txstr                   text2        04E6
_uart_init               text1        049A
_vfpfcnvrt               text7        0728
_vfprintf                text6        051D
_width                   bssBANK0     0050
btemp                    (abs)        007E
clear_ram0               clrtext      0488
cmd@a                    cstackCOMMON 0072
countvalue@c             cstackCOMMON 0074
countvalue@i             cstackCOMMON 0076
dat@b                    cstackCOMMON 0072
end_of_initialization    cinit        07FC
fputc@c                  cstackCOMMON 0070
fputc@fp                 cstackCOMMON 0072
intlevel0                functab      0000
intlevel1                functab      0000
intlevel2                functab      0000
intlevel3                functab      0000
intlevel4                functab      0000
intlevel5                functab      0000
main@buffer              cstackBANK0  0044
main@c                   cstackBANK0  004E
reset_vec                reset_vec    0000
show@s                   cstackCOMMON 0073
sprintf@ap               cstackBANK0  0035
sprintf@f                cstackBANK0  0036
sprintf@fmt              cstackBANK0  0031
sprintf@s                cstackBANK0  0030
start                    init         0000
start_initialization     cinit        07EC
tx@a                     cstackCOMMON 0070
txstr@b                  cstackCOMMON 0071
vfpfcnvrt@ap             cstackBANK0  0023
vfpfcnvrt@c              cstackBANK0  002B
vfpfcnvrt@convarg        cstackBANK0  0026
vfpfcnvrt@cp             cstackBANK0  002A
vfpfcnvrt@fmt            cstackBANK0  0022
vfpfcnvrt@fp             cstackBANK0  0020
vfprintf@ap              cstackBANK0  002F
vfprintf@cfmt            cstackCOMMON 007D
vfprintf@fmt             cstackBANK0  002E
vfprintf@fp              cstackBANK0  002C
wtemp0                   (abs)        007E


MODULE INFORMATION

Module		Function		Class		Link	Load	Size
C:\Program Files\Microchip\xc8\v2.50\pic\sources\c99\common\lwmod.c
		___lwmod       		CODE           	0569	0000	56

C:\Program Files\Microchip\xc8\v2.50\pic\sources\c99\common\lwmod.c estimated size: 56

C:\Program Files\Microchip\xc8\v2.50\pic\sources\c99\common\putch.c
		_putch         		CODE           	0482	0000	1

C:\Program Files\Microchip\xc8\v2.50\pic\sources\c99\common\putch.c estimated size: 1

C:\Program Files\Microchip\xc8\v2.50\pic\sources\c99\common\nf_sprintf.c
		_sprintf       		CODE           	04FA	0000	35

C:\Program Files\Microchip\xc8\v2.50\pic\sources\c99\common\nf_sprintf.c estimated size: 35

C:\Program Files\Microchip\xc8\v2.50\pic\sources\c99\common\nf_fputc.c
		_fputc         		CODE           	068E	0000	154

C:\Program Files\Microchip\xc8\v2.50\pic\sources\c99\common\nf_fputc.c estimated size: 154

shared
		__stringtab    		STRING         	0003	0000	6
		__initialization		CODE           	07EC	0000	16

shared estimated size: 22

C:\Program Files\Microchip\xc8\v2.50\pic\sources\c99\common\lwdiv.c
		___lwdiv       		CODE           	05DD	0000	66

C:\Program Files\Microchip\xc8\v2.50\pic\sources\c99\common\lwdiv.c estimated size: 66

C:\Program Files\Microchip\xc8\v2.50\pic\sources\c99\common\doprnt.c
		_vfpfcnvrt     		CODE           	0728	0000	196
		_vfprintf      		CODE           	051D	0000	37

C:\Program Files\Microchip\xc8\v2.50\pic\sources\c99\common\doprnt.c estimated size: 233

main.c
		_dat           		CODE           	04BE	0000	20
		_main          		CODE           	061F	0000	111
		_countvalue    		CODE           	05A1	0000	60
		_txstr         		CODE           	04E6	0000	20
		_uart_init     		CODE           	049A	0000	16
		_show          		CODE           	04D2	0000	20
		_cmd           		CODE           	04AA	0000	20
		_timer1_init   		CODE           	0483	0000	5
		_tx            		CODE           	0490	0000	10
		_lcd_init      		CODE           	0542	0000	39

main.c estimated size: 321

