Microchip MPLAB XC8 Compiler V2.50

Linker command line:

-W-3 \
  --edf=C:\Program Files\Microchip\xc8\v2.50\pic\dat\20240725155939_en.msgs \
  -cn -h+dist/default/production\LCD.X.production.sym \
  --cmf=dist/default/production\LCD.X.production.cmf -z -Q16F877A \
  -oC:\Users\sanja\AppData\Local\Temp\xcAsbfs.\driver_tmp_3.o \
  --defsym=__MPLAB_BUILD=1 --fixupoverflow=error \
  -Mdist/default/production/LCD.X.production.map \
  --md=C:\Users\sanja\AppData\Local\Temp\xcAsbfs.\driver_tmp_0.dat -E1 \
  -ver=XC8 Compiler --acfsm=1493 -ACODE=00h-07FFhx4 -ASTRCODE=00h-01FFFh \
  -ASTRING=00h-0FFhx32 -ACONST=00h-0FFhx32 -AENTRY=00h-0FFhx32 \
  -ACOMMON=070h-07Fh -ABANK0=020h-06Fh -ABANK1=0A0h-0EFh \
  -ABANK2=0110h-016Fh -ABANK3=0190h-01EFh \
  -ARAM=020h-06Fh,0A0h-0EFh,0110h-016Fh,0190h-01EFh \
  -AABS1=020h-07Fh,0A0h-0EFh,0110h-016Fh,0190h-01EFh -ASFR0=00h-01Fh \
  -ASFR1=080h-09Fh -ASFR2=0100h-010Fh -ASFR3=0180h-018Fh \
  -ACONFIG=02007h-02007h -DCONFIG=2 -AIDLOC=02000h-02003h -DIDLOC=2 \
  -AEEDATA=00h-0FFh/02100h -peeprom_data=EEDATA -DEEDATA=2 -DCODE=2 \
  -DSTRCODE=2 -DSTRING=2 -DCONST=2 -DENTRY=2 \
  -preset_vec=00h,intentry,sivt,init,end_init -ppowerup=CODE -pcinit=CODE \
  -pfunctab=ENTRY -k \
  C:\Users\sanja\AppData\Local\Temp\xcAsbfs.\driver_tmp_17.o \
  dist/default/production\LCD.X.production.o 

Object code version is 3.11

Machine type is 16F877A



                Name                               Link     Load   Length Selector   Space Scale
C:\Users\sanja\AppData\Local\Temp\xcAsbfs.\driver_tmp_17.o
                end_init                              0        0        3        0       0
                config                             2007     2007        1        0       4
dist/default/production\LCD.X.production.o
                cinit                               7CA      7CA       36      F94       0
                config                             2007     2007        1        0       4
                text12                              411      411       14      822       0
                text11                              439      439       22      872       0
                text10                              425      425       14      84A       0
                text9                               4A3      4A3       26      946       0
                text8                               520      520       63      A40       0
                text7                               4C9      4C9       57      992       0
                text6                               400      400       11      800       0
                text5                               3F1      3F1        1      7E2       0
                text4                               583      583       9A      B06       0
                text3                               6E4      6E4       E6      DC8       0
                text2                               47E      47E       25      8FC       0
                text1                               45B      45B       23      8B6       0
                maintext                            61D      61D       C7      C3A       0
                cstackBANK0                          20       20       3B       20       1
                cstackCOMMON                         70       70        E       70       1
                clrtext                             3F8      3F8        8      7F0       0
                bssBANK1                             A0       A0       20       A0       1
                dataBANK0                            5B       5B        6       20       1
                bssBANK0                             61       61        5       20       1
                strings                               3        3       44        6       0
                idataBANK0                          3F2      3F2        6      7E4       0

TOTAL           Name                               Link     Load   Length     Space
        CLASS   CODE           
                end_init                              0        0        3         0
                cinit                               7CA      7CA       36         0
                text12                              411      411       14         0
                text11                              439      439       22         0
                text10                              425      425       14         0
                text9                               4A3      4A3       26         0
                text8                               520      520       63         0
                text7                               4C9      4C9       57         0
                text6                               400      400       11         0
                text5                               3F1      3F1        1         0
                text4                               583      583       9A         0
                text3                               6E4      6E4       E6         0
                text2                               47E      47E       25         0
                text1                               45B      45B       23         0
                maintext                            61D      61D       C7         0
                clrtext                             3F8      3F8        8         0
                idataBANK0                          3F2      3F2        6         0

        CLASS   STRCODE        

        CLASS   STRING         
                strings                               3        3       44         0

        CLASS   CONST          

        CLASS   ENTRY          

        CLASS   COMMON         
                cstackCOMMON                         70       70        E         1

        CLASS   BANK0          
                cstackBANK0                          20       20       3B         1
                dataBANK0                            5B       5B        6         1
                bssBANK0                             61       61        5         1

        CLASS   BANK1          
                bssBANK1                             A0       A0       20         1

        CLASS   BANK2          

        CLASS   BANK3          

        CLASS   RAM            

        CLASS   ABS1           
                abs_s1                               7E       7E        2         1

        CLASS   SFR0           

        CLASS   SFR1           

        CLASS   SFR2           

        CLASS   SFR3           

        CLASS   CONFIG         
                config                             2007     2007        1         4

        CLASS   IDLOC          

        CLASS   EEDATA         

        CLASS   HEAP           

        CLASS   STACK          



SEGMENTS        Name                           Load    Length   Top    Selector   Space  Class     Delta

                reset_vec                      000000  000003  000003         0       0  CODE        2
                strings                        000003  000044  000047         6       0  STRING      2
                cstackBANK0                    000020  000046  000066        20       1  BANK0       1
                cstackCOMMON                   000070  00000E  00007E        70       1  COMMON      1
                bssBANK1                       0000A0  000020  0000C0        A0       1  BANK1       1
                text5                          0003F1  000001  0003F2       7E2       0  CODE        2
                idataBANK0                     0003F2  000006  0003F8       7E4       0  CODE        2
                clrtext                        0003F8  000008  000400       7F0       0  CODE        2
                text6                          000400  000011  000411       800       0  CODE        2
                text12                         000411  000014  000425       822       0  CODE        2
                text10                         000425  000014  000439       84A       0  CODE        2
                text11                         000439  000022  00045B       872       0  CODE        2
                text1                          00045B  000023  00047E       8B6       0  CODE        2
                text2                          00047E  000025  0004A3       8FC       0  CODE        2
                text9                          0004A3  000026  0004C9       946       0  CODE        2
                text7                          0004C9  000057  000520       992       0  CODE        2
                text8                          000520  000063  000583       A40       0  CODE        2
                text4                          000583  00009A  00061D       B06       0  CODE        2
                maintext                       00061D  0000C7  0006E4       C3A       0  CODE        2
                text3                          0006E4  0000E6  0007CA       DC8       0  CODE        2
                cinit                          0007CA  000036  000800       F94       0  CODE        2


UNUSED ADDRESS RANGES

        Name                Unused          Largest block    Delta
        BANK0            0066-006F              A           1
        BANK1            00C0-00EF             30           1
        BANK2            0110-016F             60           1
        BANK3            0190-01EF             60           1
        CODE             0047-03F0            3AA           2
                         0800-1FFF            800
        CONST            0047-03F0            100           2
                         0800-1FFF            100
        EEDATA           2100-21FF            100           2
        ENTRY            0047-03F0            100           2
                         0800-1FFF            100
        IDLOC            2000-2003              4           2
        RAM              0066-006F              A           1
                         00C0-00EF             30
                         0110-016F             60
                         0190-01EF             60
        SFR0             0000-001F             20           1
        SFR1             0080-009F             20           1
        SFR2             0100-010F             10           1
        SFR3             0180-018F             10           1
        STRCODE          0047-03F0            3AA           2
                         0800-1FFF           1800
        STRING           0047-03F0            100           2
                         0800-1FFF            100

                                  Symbol Table

?___awdiv                cstackCOMMON 0070
?___awmod                cstackCOMMON 0070
?_abs                    cstackCOMMON 0076
?_sprintf                cstackBANK0  0031
?_vfprintf               cstackBANK0  002D
_PORTB                   (abs)        0006
_RD6                     (abs)        0046
_RD7                     (abs)        0047
_TRISB                   (abs)        0086
_TRISDbits               (abs)        0088
__H__absolute__          __absolute__ 0000
__Habs1                  abs1         0000
__Hbank0                 bank0        0000
__Hbank1                 bank1        0000
__Hbank2                 bank2        0000
__Hbank3                 bank3        0000
__HbssBANK0              bssBANK0     0000
__HbssBANK1              bssBANK1     0000
__Hcinit                 cinit        0800
__Hclrtext               clrtext      0000
__Hcode                  code         0000
__Hcommon                common       0000
__Hconfig                config       2008
__HcstackBANK0           cstackBANK0  0000
__HcstackCOMMON          cstackCOMMON 0000
__HdataBANK0             dataBANK0    0000
__Heeprom_data           eeprom_data  0000
__Hend_init              end_init     0003
__Hfunctab               functab      0000
__Hheap                  heap         0000
__HidataBANK0            idataBANK0   0000
__Hinit                  init         0000
__Hintentry              intentry     0000
__Hmaintext              maintext     0000
__Hpowerup               powerup      0000
__Hram                   ram          0000
__Hreset_vec             reset_vec    0000
__Hsfr0                  sfr0         0000
__Hsfr1                  sfr1         0000
__Hsfr2                  sfr2         0000
__Hsfr3                  sfr3         0000
__Hsivt                  sivt         0000
__Hspace_0               (abs)        0800
__Hspace_1               (abs)        00C0
__Hspace_2               (abs)        0000
__Hspace_3               (abs)        0000
__Hspace_4               (abs)        400F
__Hstack                 stack        0000
__Hstrings               strings      0000
__Htext                  text         0000
__L__absolute__          __absolute__ 0000
__Labs1                  abs1         0000
__Lbank0                 bank0        0000
__Lbank1                 bank1        0000
__Lbank2                 bank2        0000
__Lbank3                 bank3        0000
__LbssBANK0              bssBANK0     0000
__LbssBANK1              bssBANK1     0000
__Lcinit                 cinit        07CA
__Lclrtext               clrtext      0000
__Lcode                  code         0000
__Lcommon                common       0000
__Lconfig                config       0000
__LcstackBANK0           cstackBANK0  0000
__LcstackCOMMON          cstackCOMMON 0000
__LdataBANK0             dataBANK0    0000
__Leeprom_data           eeprom_data  0000
__Lend_init              end_init     0000
__Lfunctab               functab      0000
__Lheap                  heap         0000
__LidataBANK0            idataBANK0   0000
__Linit                  init         0000
__Lintentry              intentry     0000
__Lmaintext              maintext     0000
__Lpowerup               powerup      0000
__Lram                   ram          0000
__Lreset_vec             reset_vec    0000
__Lsfr0                  sfr0         0000
__Lsfr1                  sfr1         0000
__Lsfr2                  sfr2         0000
__Lsfr3                  sfr3         0000
__Lsivt                  sivt         0000
__Lspace_0               (abs)        0000
__Lspace_1               (abs)        0000
__Lspace_2               (abs)        0000
__Lspace_3               (abs)        0000
__Lspace_4               (abs)        0000
__Lstack                 stack        0000
__Lstrings               strings      0000
__Ltext                  text         0000
__S0                     (abs)        0800
__S1                     (abs)        00C0
__S3                     (abs)        0000
___awdiv                 text8        0520
___awdiv@counter         cstackCOMMON 0074
___awdiv@dividend        cstackCOMMON 0072
___awdiv@divisor         cstackCOMMON 0070
___awdiv@quotient        cstackCOMMON 0076
___awdiv@sign            cstackCOMMON 0075
___awmod                 text7        04C9
___awmod@counter         cstackCOMMON 0074
___awmod@dividend        cstackCOMMON 0072
___awmod@divisor         cstackCOMMON 0070
___awmod@sign            cstackCOMMON 0075
___heap_hi               (abs)        0000
___heap_lo               (abs)        0000
___int_sp                stack        0000
___int_stack_hi          stack        0000
___int_stack_lo          stack        0000
___latbits               (abs)        0002
___sp                    stack        0000
___stack_hi              stack        0000
___stack_lo              stack        0000
___stackhi               (abs)        0000
___stacklo               (abs)        0000
__end_of___awdiv         text8        0583
__end_of___awmod         text7        0520
__end_of__initialization cinit        07FC
__end_of__stringtab      strings      0013
__end_of_abs             text6        0411
__end_of_cmd             text12       0425
__end_of_dat             text10       0439
__end_of_fputc           text4        061D
__end_of_lcd_init        text11       045B
__end_of_main            maintext     06E4
__end_of_putch           text5        03F2
__end_of_show            text9        04C9
__end_of_sprintf         text1        047E
__end_of_vfpfcnvrt       text3        07CA
__end_of_vfprintf        text2        04A3
__initialization         cinit        07CA
__pbssBANK0              bssBANK0     0061
__pbssBANK1              bssBANK1     00A0
__pcstackBANK0           cstackBANK0  0020
__pcstackCOMMON          cstackCOMMON 0070
__pdataBANK0             dataBANK0    005B
__pidataBANK0            idataBANK0   03F2
__pmaintext              maintext     061D
__pstrings               strings      0003
__ptext1                 text1        045B
__ptext10                text10       0425
__ptext11                text11       0439
__ptext12                text12       0411
__ptext2                 text2        047E
__ptext3                 text3        06E4
__ptext4                 text4        0583
__ptext5                 text5        03F1
__ptext6                 text6        0400
__ptext7                 text7        04C9
__ptext8                 text8        0520
__ptext9                 text9        04A3
__stringbase             strings      0012
__stringtab              strings      0003
_abs                     text6        0400
_cmd                     text12       0411
_dat                     text10       0425
_dbuf                    bssBANK1     00A0
_flags                   bssBANK0     0065
_fputc                   text4        0583
_lcd_init                text11       0439
_main                    maintext     061D
_prec                    bssBANK0     0063
_putch                   text5        03F1
_show                    text9        04A3
_sprintf                 text1        045B
_vfpfcnvrt               text3        06E4
_vfprintf                text2        047E
_width                   bssBANK0     0061
abs@a                    cstackCOMMON 0076
btemp                    (abs)        007E
clear_ram0               clrtext      03F8
cmd@a                    cstackCOMMON 0072
dat@b                    cstackCOMMON 0072
end_of_initialization    cinit        07FC
fputc@c                  cstackCOMMON 0070
fputc@fp                 cstackCOMMON 0072
intlevel0                functab      0000
intlevel1                functab      0000
intlevel2                functab      0000
intlevel3                functab      0000
intlevel4                functab      0000
intlevel5                functab      0000
main@F1336               dataBANK0    005B
main@arr1                cstackBANK0  0045
main@buffer              cstackBANK0  004B
main@i                   cstackBANK0  0059
main@l                   cstackBANK0  0055
main@r                   cstackBANK0  0057
reset_vec                reset_vec    0000
show@s                   cstackCOMMON 0073
sprintf@ap               cstackBANK0  0036
sprintf@f                cstackBANK0  0037
sprintf@fmt              cstackBANK0  0032
sprintf@s                cstackBANK0  0031
start                    init         0000
start_initialization     cinit        07CA
vfpfcnvrt@ap             cstackBANK0  0023
vfpfcnvrt@c              cstackBANK0  002C
vfpfcnvrt@convarg        cstackBANK0  0028
vfpfcnvrt@cp             cstackBANK0  0027
vfpfcnvrt@done           cstackBANK0  0026
vfpfcnvrt@fmt            cstackBANK0  0022
vfpfcnvrt@fp             cstackBANK0  0020
vfprintf@ap              cstackBANK0  0030
vfprintf@cfmt            cstackCOMMON 007D
vfprintf@fmt             cstackBANK0  002F
vfprintf@fp              cstackBANK0  002D
wtemp0                   (abs)        007E


MODULE INFORMATION

Module		Function		Class		Link	Load	Size
C:\Program Files\Microchip\xc8\v2.50\pic\sources\c99\common\awmod.c
		___awmod       		CODE           	04C9	0000	87

C:\Program Files\Microchip\xc8\v2.50\pic\sources\c99\common\awmod.c estimated size: 87

C:\Program Files\Microchip\xc8\v2.50\pic\sources\c99\common\putch.c
		_putch         		CODE           	03F1	0000	1

C:\Program Files\Microchip\xc8\v2.50\pic\sources\c99\common\putch.c estimated size: 1

C:\Program Files\Microchip\xc8\v2.50\pic\sources\c99\common\abs.c
		_abs           		CODE           	0400	0000	17

C:\Program Files\Microchip\xc8\v2.50\pic\sources\c99\common\abs.c estimated size: 17

C:\Program Files\Microchip\xc8\v2.50\pic\sources\c99\common\nf_sprintf.c
		_sprintf       		CODE           	045B	0000	35

C:\Program Files\Microchip\xc8\v2.50\pic\sources\c99\common\nf_sprintf.c estimated size: 35

C:\Program Files\Microchip\xc8\v2.50\pic\sources\c99\common\nf_fputc.c
		_fputc         		CODE           	0583	0000	154

C:\Program Files\Microchip\xc8\v2.50\pic\sources\c99\common\nf_fputc.c estimated size: 154

shared
		__stringtab    		STRING         	0003	0000	16
		__initialization		CODE           	07CA	0000	50

shared estimated size: 66

C:\Program Files\Microchip\xc8\v2.50\pic\sources\c99\common\awdiv.c
		___awdiv       		CODE           	0520	0000	99

C:\Program Files\Microchip\xc8\v2.50\pic\sources\c99\common\awdiv.c estimated size: 99

C:\Program Files\Microchip\xc8\v2.50\pic\sources\c99\common\doprnt.c
		_vfpfcnvrt     		CODE           	06E4	0000	230
		_vfprintf      		CODE           	047E	0000	37

C:\Program Files\Microchip\xc8\v2.50\pic\sources\c99\common\doprnt.c estimated size: 267

main.c
		_dat           		CODE           	0425	0000	20
		_main          		CODE           	061D	0000	199
		_show          		CODE           	04A3	0000	38
		_cmd           		CODE           	0411	0000	20
		_lcd_init      		CODE           	0439	0000	34

main.c estimated size: 311

