Microchip MPLAB XC8 Compiler V2.50

Linker command line:

-W-3 \
  --edf=C:\Program Files\Microchip\xc8\v2.50\pic\dat\20240725155939_en.msgs \
  -cn -h+dist/default/debug\ADC2UART.X.debug.sym \
  --cmf=dist/default/debug\ADC2UART.X.debug.cmf -z -Q16F877A \
  -oC:\Users\sanja\AppData\Local\Temp\xcAs6s0.\driver_tmp_3.o \
  --defsym=__MPLAB_BUILD=1 --fixupoverflow=error \
  -Mdist/default/debug/ADC2UART.X.debug.map \
  --md=C:\Users\sanja\AppData\Local\Temp\xcAs6s0.\driver_tmp_0.dat -E1 \
  -ver=XC8 Compiler --acfsm=1493 -ACODE=00h-07FFhx4 -ASTRCODE=00h-01FFFh \
  -ASTRING=00h-0FFhx32 -ACONST=00h-0FFhx32 -AENTRY=00h-0FFhx32 \
  -ACOMMON=070h-07Fh -ABANK0=020h-06Fh -ABANK1=0A0h-0EFh \
  -ABANK2=0110h-016Fh -ABANK3=0190h-01EFh \
  -ARAM=020h-06Fh,0A0h-0EFh,0110h-016Fh,0190h-01EFh \
  -AABS1=020h-07Fh,0A0h-0EFh,0110h-016Fh,0190h-01EFh -ASFR0=00h-01Fh \
  -ASFR1=080h-09Fh -ASFR2=0100h-010Fh -ASFR3=0180h-018Fh \
  -ACONFIG=02007h-02007h -DCONFIG=2 -AIDLOC=02000h-02003h -DIDLOC=2 \
  -AEEDATA=00h-0FFh/02100h -peeprom_data=EEDATA -DEEDATA=2 -DCODE=2 \
  -DSTRCODE=2 -DSTRING=2 -DCONST=2 -DENTRY=2 \
  -preset_vec=00h,intentry,sivt,init,end_init -ppowerup=CODE -pcinit=CODE \
  -pfunctab=ENTRY -k \
  C:\Users\sanja\AppData\Local\Temp\xcAs6s0.\driver_tmp_17.o \
  dist/default/debug\ADC2UART.X.debug.o 

Object code version is 3.11

Machine type is 16F877A



                Name                               Link     Load   Length Selector   Space Scale
C:\Users\sanja\AppData\Local\Temp\xcAs6s0.\driver_tmp_17.o
                end_init                              0        0        3        0       0
                config                             2007     2007        1        0       4
dist/default/debug\ADC2UART.X.debug.o
                cinit                               7EC      7EC       14      FD8       0
                config                             2007     2007        1        0       4
                text12                              556      556       12      AAC       0
                text11                              53D      53D        C      A7A       0
                text10                              549      549        D      A92       0
                text9                               605      605       42      C0A       0
                text8                               5CD      5CD       38      B9A       0
                text7                               52A      52A        1      A54       0
                text6                               68E      68E       9A      D1C       0
                text5                               728      728       C4      E50       0
                text4                               5A8      5A8       25      B50       0
                text3                               585      585       23      B0A       0
                text2                               533      533        A      A66       0
                text1                               568      568       1D      AD0       0
                maintext                            647      647       47      C8E       0
                cstackBANK0                          20       20       3A       20       1
                cstackCOMMON                         70       70        E       70       1
                clrtext                             52B      52B        8      A56       0
                bssBANK1                             A0       A0       20       A0       1
                bssBANK0                             5A       5A        5       20       1
                strings                               3        3       14        6       0

TOTAL           Name                               Link     Load   Length     Space
        CLASS   CODE           
                end_init                              0        0        3         0
                cinit                               7EC      7EC       14         0
                text12                              556      556       12         0
                text11                              53D      53D        C         0
                text10                              549      549        D         0
                text9                               605      605       42         0
                text8                               5CD      5CD       38         0
                text7                               52A      52A        1         0
                text6                               68E      68E       9A         0
                text5                               728      728       C4         0
                text4                               5A8      5A8       25         0
                text3                               585      585       23         0
                text2                               533      533        A         0
                text1                               568      568       1D         0
                maintext                            647      647       47         0
                clrtext                             52B      52B        8         0

        CLASS   STRCODE        

        CLASS   STRING         
                strings                               3        3       14         0

        CLASS   CONST          

        CLASS   ENTRY          

        CLASS   COMMON         
                cstackCOMMON                         70       70        E         1

        CLASS   BANK0          
                cstackBANK0                          20       20       3A         1
                bssBANK0                             5A       5A        5         1

        CLASS   BANK1          
                bssBANK1                             A0       A0       20         1

        CLASS   BANK2          

        CLASS   BANK3          

        CLASS   RAM            

        CLASS   ABS1           
                abs_s1                               7E       7E        2         1

        CLASS   SFR0           

        CLASS   SFR1           

        CLASS   SFR2           

        CLASS   SFR3           

        CLASS   CONFIG         
                config                             2007     2007        1         4

        CLASS   IDLOC          

        CLASS   EEDATA         

        CLASS   HEAP           

        CLASS   STACK          



SEGMENTS        Name                           Load    Length   Top    Selector   Space  Class     Delta

                reset_vec                      000000  000003  000003         0       0  CODE        2
                strings                        000003  000014  000017         6       0  STRING      2
                cstackBANK0                    000020  00003F  00005F        20       1  BANK0       1
                cstackCOMMON                   000070  00000E  00007E        70       1  COMMON      1
                bssBANK1                       0000A0  000020  0000C0        A0       1  BANK1       1
                text7                          00052A  000001  00052B       A54       0  CODE        2
                clrtext                        00052B  000008  000533       A56       0  CODE        2
                text2                          000533  00000A  00053D       A66       0  CODE        2
                text11                         00053D  00000C  000549       A7A       0  CODE        2
                text10                         000549  00000D  000556       A92       0  CODE        2
                text12                         000556  000012  000568       AAC       0  CODE        2
                text1                          000568  00001D  000585       AD0       0  CODE        2
                text3                          000585  000023  0005A8       B0A       0  CODE        2
                text4                          0005A8  000025  0005CD       B50       0  CODE        2
                text8                          0005CD  000038  000605       B9A       0  CODE        2
                text9                          000605  000042  000647       C0A       0  CODE        2
                maintext                       000647  000047  00068E       C8E       0  CODE        2
                text6                          00068E  00009A  000728       D1C       0  CODE        2
                text5                          000728  0000C4  0007EC       E50       0  CODE        2
                cinit                          0007EC  000014  000800       FD8       0  CODE        2


UNUSED ADDRESS RANGES

        Name                Unused          Largest block    Delta
        BANK0            005F-006F             11           1
        BANK1            00C0-00EF             30           1
        BANK2            0110-016F             60           1
        BANK3            0190-01EF             60           1
        CODE             0017-0529            513           2
                         0800-1FFF            800
        CONST            0017-0529            100           2
                         0800-1FFF            100
        EEDATA           2100-21FF            100           2
        ENTRY            0017-0529            100           2
                         0800-1FFF            100
        IDLOC            2000-2003              4           2
        RAM              005F-006F             11           1
                         00C0-00EF             30
                         0110-016F             60
                         0190-01EF             60
        SFR0             0000-001F             20           1
        SFR1             0080-009F             20           1
        SFR2             0100-010F             10           1
        SFR3             0180-018F             10           1
        STRCODE          0017-0529            513           2
                         0800-1FFF           1800
        STRING           0017-0529            100           2
                         0800-1FFF            100

                                  Symbol Table

?___lwdiv                cstackCOMMON 0070
?___lwmod                cstackCOMMON 0070
?_adc                    cstackCOMMON 0070
?_sprintf                cstackBANK0  0030
?_vfprintf               cstackBANK0  002C
_ADCON0                  (abs)        001F
_ADCON0bits              (abs)        001F
_ADCON1                  (abs)        009F
_ADRESH                  (abs)        001E
_ADRESL                  (abs)        009E
_RCIF                    (abs)        0065
_RCREG                   (abs)        001A
_RCSTA                   (abs)        0018
_SPBRG                   (abs)        0099
_TRISAbits               (abs)        0085
_TXIF                    (abs)        0064
_TXREG                   (abs)        0019
_TXSTA                   (abs)        0098
__H__absolute__          __absolute__ 0000
__Habs1                  abs1         0000
__Hbank0                 bank0        0000
__Hbank1                 bank1        0000
__Hbank2                 bank2        0000
__Hbank3                 bank3        0000
__HbssBANK0              bssBANK0     0000
__HbssBANK1              bssBANK1     0000
__Hcinit                 cinit        0800
__Hclrtext               clrtext      0000
__Hcode                  code         0000
__Hcommon                common       0000
__Hconfig                config       2008
__HcstackBANK0           cstackBANK0  0000
__HcstackCOMMON          cstackCOMMON 0000
__Heeprom_data           eeprom_data  0000
__Hend_init              end_init     0003
__Hfunctab               functab      0000
__Hheap                  heap         0000
__Hinit                  init         0000
__Hintentry              intentry     0000
__Hmaintext              maintext     0000
__Hpowerup               powerup      0000
__Hram                   ram          0000
__Hreset_vec             reset_vec    0000
__Hsfr0                  sfr0         0000
__Hsfr1                  sfr1         0000
__Hsfr2                  sfr2         0000
__Hsfr3                  sfr3         0000
__Hsivt                  sivt         0000
__Hspace_0               (abs)        0800
__Hspace_1               (abs)        00C0
__Hspace_2               (abs)        0000
__Hspace_3               (abs)        0000
__Hspace_4               (abs)        400F
__Hstack                 stack        0000
__Hstrings               strings      0000
__Htext                  text         0000
__L__absolute__          __absolute__ 0000
__Labs1                  abs1         0000
__Lbank0                 bank0        0000
__Lbank1                 bank1        0000
__Lbank2                 bank2        0000
__Lbank3                 bank3        0000
__LbssBANK0              bssBANK0     0000
__LbssBANK1              bssBANK1     0000
__Lcinit                 cinit        07EC
__Lclrtext               clrtext      0000
__Lcode                  code         0000
__Lcommon                common       0000
__Lconfig                config       0000
__LcstackBANK0           cstackBANK0  0000
__LcstackCOMMON          cstackCOMMON 0000
__Leeprom_data           eeprom_data  0000
__Lend_init              end_init     0000
__Lfunctab               functab      0000
__Lheap                  heap         0000
__Linit                  init         0000
__Lintentry              intentry     0000
__Lmaintext              maintext     0000
__Lpowerup               powerup      0000
__Lram                   ram          0000
__Lreset_vec             reset_vec    0000
__Lsfr0                  sfr0         0000
__Lsfr1                  sfr1         0000
__Lsfr2                  sfr2         0000
__Lsfr3                  sfr3         0000
__Lsivt                  sivt         0000
__Lspace_0               (abs)        0000
__Lspace_1               (abs)        0000
__Lspace_2               (abs)        0000
__Lspace_3               (abs)        0000
__Lspace_4               (abs)        0000
__Lstack                 stack        0000
__Lstrings               strings      0000
__Ltext                  text         0000
__S0                     (abs)        0800
__S1                     (abs)        00C0
__S3                     (abs)        0000
___heap_hi               (abs)        0000
___heap_lo               (abs)        0000
___int_sp                stack        0000
___int_stack_hi          stack        0000
___int_stack_lo          stack        0000
___latbits               (abs)        0002
___lwdiv                 text9        0605
___lwdiv@counter         cstackCOMMON 0076
___lwdiv@dividend        cstackCOMMON 0072
___lwdiv@divisor         cstackCOMMON 0070
___lwdiv@quotient        cstackCOMMON 0074
___lwmod                 text8        05CD
___lwmod@counter         cstackCOMMON 0074
___lwmod@dividend        cstackCOMMON 0072
___lwmod@divisor         cstackCOMMON 0070
___sp                    stack        0000
___stack_hi              stack        0000
___stack_lo              stack        0000
___stackhi               (abs)        0000
___stacklo               (abs)        0000
__end_of___lwdiv         text9        0647
__end_of___lwmod         text8        0605
__end_of__initialization cinit        07FC
__end_of__stringtab      strings      0009
__end_of_adc             text12       0568
__end_of_adc_init        text11       0549
__end_of_fputc           text6        0728
__end_of_main            maintext     068E
__end_of_putch           text7        052B
__end_of_ser_init        text10       0556
__end_of_sprintf         text3        05A8
__end_of_tx              text2        053D
__end_of_txstr           text1        0585
__end_of_vfpfcnvrt       text5        07EC
__end_of_vfprintf        text4        05CD
__initialization         cinit        07EC
__pbssBANK0              bssBANK0     005A
__pbssBANK1              bssBANK1     00A0
__pcstackBANK0           cstackBANK0  0020
__pcstackCOMMON          cstackCOMMON 0070
__pmaintext              maintext     0647
__pstrings               strings      0003
__ptext1                 text1        0568
__ptext10                text10       0549
__ptext11                text11       053D
__ptext12                text12       0556
__ptext2                 text2        0533
__ptext3                 text3        0585
__ptext4                 text4        05A8
__ptext5                 text5        0728
__ptext6                 text6        068E
__ptext7                 text7        052A
__ptext8                 text8        05CD
__ptext9                 text9        0605
__stringbase             strings      0008
__stringtab              strings      0003
_adc                     text12       0556
_adc_init                text11       053D
_dbuf                    bssBANK1     00A0
_flags                   bssBANK0     005E
_fputc                   text6        068E
_main                    maintext     0647
_prec                    bssBANK0     005C
_putch                   text7        052A
_ser_init                text10       0549
_sprintf                 text3        0585
_tx                      text2        0533
_txstr                   text1        0568
_vfpfcnvrt               text5        0728
_vfprintf                text4        05A8
_width                   bssBANK0     005A
adc@adcvalue             cstackCOMMON 0072
btemp                    (abs)        007E
clear_ram0               clrtext      052B
end_of_initialization    cinit        07FC
fputc@c                  cstackCOMMON 0070
fputc@fp                 cstackCOMMON 0072
intlevel0                functab      0000
intlevel1                functab      0000
intlevel2                functab      0000
intlevel3                functab      0000
intlevel4                functab      0000
intlevel5                functab      0000
main@adcvalue            cstackBANK0  0058
main@buffer              cstackBANK0  0044
reset_vec                reset_vec    0000
sprintf@ap               cstackBANK0  0035
sprintf@f                cstackBANK0  0036
sprintf@fmt              cstackBANK0  0031
sprintf@s                cstackBANK0  0030
start                    init         0000
start_initialization     cinit        07EC
tx@a                     cstackCOMMON 0070
txstr@a                  cstackCOMMON 0071
vfpfcnvrt@ap             cstackBANK0  0023
vfpfcnvrt@c              cstackBANK0  002B
vfpfcnvrt@convarg        cstackBANK0  0026
vfpfcnvrt@cp             cstackBANK0  002A
vfpfcnvrt@fmt            cstackBANK0  0022
vfpfcnvrt@fp             cstackBANK0  0020
vfprintf@ap              cstackBANK0  002F
vfprintf@cfmt            cstackCOMMON 007D
vfprintf@fmt             cstackBANK0  002E
vfprintf@fp              cstackBANK0  002C
wtemp0                   (abs)        007E


MODULE INFORMATION

Module		Function		Class		Link	Load	Size
C:\Program Files\Microchip\xc8\v2.50\pic\sources\c99\common\lwmod.c
		___lwmod       		CODE           	05CD	0000	56

C:\Program Files\Microchip\xc8\v2.50\pic\sources\c99\common\lwmod.c estimated size: 56

C:\Program Files\Microchip\xc8\v2.50\pic\sources\c99\common\putch.c
		_putch         		CODE           	052A	0000	1

C:\Program Files\Microchip\xc8\v2.50\pic\sources\c99\common\putch.c estimated size: 1

C:\Program Files\Microchip\xc8\v2.50\pic\sources\c99\common\nf_sprintf.c
		_sprintf       		CODE           	0585	0000	35

C:\Program Files\Microchip\xc8\v2.50\pic\sources\c99\common\nf_sprintf.c estimated size: 35

C:\Program Files\Microchip\xc8\v2.50\pic\sources\c99\common\nf_fputc.c
		_fputc         		CODE           	068E	0000	154

C:\Program Files\Microchip\xc8\v2.50\pic\sources\c99\common\nf_fputc.c estimated size: 154

shared
		__stringtab    		STRING         	0003	0000	6
		__initialization		CODE           	07EC	0000	16

shared estimated size: 22

C:\Program Files\Microchip\xc8\v2.50\pic\sources\c99\common\lwdiv.c
		___lwdiv       		CODE           	0605	0000	66

C:\Program Files\Microchip\xc8\v2.50\pic\sources\c99\common\lwdiv.c estimated size: 66

C:\Program Files\Microchip\xc8\v2.50\pic\sources\c99\common\doprnt.c
		_vfpfcnvrt     		CODE           	0728	0000	196
		_vfprintf      		CODE           	05A8	0000	37

C:\Program Files\Microchip\xc8\v2.50\pic\sources\c99\common\doprnt.c estimated size: 233

main.c
		_main          		CODE           	0647	0000	71
		_txstr         		CODE           	0568	0000	29
		_adc           		CODE           	0556	0000	18
		_ser_init      		CODE           	0549	0000	13
		_adc_init      		CODE           	053D	0000	12
		_tx            		CODE           	0533	0000	10

main.c estimated size: 153

